Collecting pip-audit
  Obtaining dependency information for pip-audit from https://files.pythonhosted.org/packages/a3/a7/b0c504148114047bd1bc9d97447453c6850ca176bb2f3c0038835994e8b7/pip_audit-2.10.1-py3-none-any.whl.metadata
  Downloading pip_audit-2.10.1-py3-none-any.whl.metadata (28 kB)
Collecting pypdf
  Obtaining dependency information for pypdf from https://files.pythonhosted.org/packages/3c/2c/c43c03eaf630435f023f1dc61ec4a4a78951ad5530a62c71cc89bde307b7/pypdf-6.19.0-py3-none-any.whl.metadata
  Downloading pypdf-6.19.0-py3-none-any.whl.metadata (7.5 kB)
Collecting CacheControl[filecache]>=0.13.0 (from pip-audit)
  Obtaining dependency information for CacheControl[filecache]>=0.13.0 from https://files.pythonhosted.org/packages/ef/79/c45f2d53efe6ada1110cf6f9fca095e4ff47a0454444aefdde6ac4789179/cachecontrol-0.14.4-py3-none-any.whl.metadata
  Downloading cachecontrol-0.14.4-py3-none-any.whl.metadata (3.1 kB)
Collecting cyclonedx-python-lib<12,>=5 (from pip-audit)
  Obtaining dependency information for cyclonedx-python-lib<12,>=5 from https://files.pythonhosted.org/packages/cf/f0/b2cb999244f2f4194df63ecff6939228178fa63a33be809c412684ca8db7/cyclonedx_python_lib-11.12.0-py3-none-any.whl.metadata
  Downloading cyclonedx_python_lib-11.12.0-py3-none-any.whl.metadata (6.9 kB)
Requirement already satisfied: packaging>=23.0.0 in ./work/.venv/lib/python3.11/site-packages (from pip-audit) (26.3)
Collecting pip-api>=0.0.28 (from pip-audit)
  Obtaining dependency information for pip-api>=0.0.28 from https://files.pythonhosted.org/packages/1d/2e/d424c5b5877be862dd9a2c8b7e9ddb13382bb25e132e6dd50cc09c0a7dde/pip_api-0.0.35-py3-none-any.whl.metadata
  Downloading pip_api-0.0.35-py3-none-any.whl.metadata (17 kB)
Collecting pip-requirements-parser>=32.0.0 (from pip-audit)
  Obtaining dependency information for pip-requirements-parser>=32.0.0 from https://files.pythonhosted.org/packages/54/d0/d04f1d1e064ac901439699ee097f58688caadea42498ec9c4b4ad2ef84ab/pip_requirements_parser-32.0.1-py3-none-any.whl.metadata
  Downloading pip_requirements_parser-32.0.1-py3-none-any.whl.metadata (9.3 kB)
Collecting requests>=2.31.0 (from pip-audit)
  Obtaining dependency information for requests>=2.31.0 from https://files.pythonhosted.org/packages/a0/f4/c67b0b3f1b9245e8d266f0f112c500d50e5b4e83cb6f3b71b6528104182a/requests-2.34.2-py3-none-any.whl.metadata
  Downloading requests-2.34.2-py3-none-any.whl.metadata (4.8 kB)
Collecting rich>=12.4 (from pip-audit)
  Obtaining dependency information for rich>=12.4 from https://files.pythonhosted.org/packages/82/3b/64d4899d73f91ba49a8c18a8ff3f0ea8f1c1d75481760df8c68ef5235bf5/rich-15.0.0-py3-none-any.whl.metadata
  Downloading rich-15.0.0-py3-none-any.whl.metadata (18 kB)
Collecting tomli>=2.2.1 (from pip-audit)
  Obtaining dependency information for tomli>=2.2.1 from https://files.pythonhosted.org/packages/6d/f7/675db52c7e46064a9aa928885a9b20f4124ecb9bc2e1ce74c9106648d202/tomli-2.4.1-cp311-cp311-macosx_11_0_arm64.whl.metadata
  Downloading tomli-2.4.1-cp311-cp311-macosx_11_0_arm64.whl.metadata (10 kB)
Collecting tomli-w>=1.2.0 (from pip-audit)
  Obtaining dependency information for tomli-w>=1.2.0 from https://files.pythonhosted.org/packages/c7/18/c86eb8e0202e32dd3df50d43d7ff9854f8e0603945ff398974c1d91ac1ef/tomli_w-1.2.0-py3-none-any.whl.metadata
  Downloading tomli_w-1.2.0-py3-none-any.whl.metadata (5.7 kB)
Collecting platformdirs>=4.2.0 (from pip-audit)
  Obtaining dependency information for platformdirs>=4.2.0 from https://files.pythonhosted.org/packages/d0/89/446044f33aba0348d35e433f56d12206d010a5281a1df54054d4cfb82388/platformdirs-4.12.2-py3-none-any.whl.metadata
  Downloading platformdirs-4.12.2-py3-none-any.whl.metadata (5.5 kB)
Collecting msgpack<2.0.0,>=0.5.2 (from CacheControl[filecache]>=0.13.0->pip-audit)
  Obtaining dependency information for msgpack<2.0.0,>=0.5.2 from https://files.pythonhosted.org/packages/50/cd/fc9e2e367e80f1493e2ec5f610dda558b344eeede296f88976db133e8f2c/msgpack-1.2.3-cp311-cp311-macosx_11_0_arm64.whl.metadata
  Downloading msgpack-1.2.3-cp311-cp311-macosx_11_0_arm64.whl.metadata (8.3 kB)
Collecting filelock>=3.8.0 (from CacheControl[filecache]>=0.13.0->pip-audit)
  Obtaining dependency information for filelock>=3.8.0 from https://files.pythonhosted.org/packages/01/4f/83454fafd628e1e7e1726d74e44fb2332be5969d04c6182ca1fecb6c580e/filelock-4.0.9-py3-none-any.whl.metadata
  Downloading filelock-4.0.9-py3-none-any.whl.metadata (2.0 kB)
Collecting license-expression<31,>=30 (from cyclonedx-python-lib<12,>=5->pip-audit)
  Obtaining dependency information for license-expression<31,>=30 from https://files.pythonhosted.org/packages/af/40/791891d4c0c4dab4c5e187c17261cedc26285fd41541577f900470a45a4d/license_expression-30.4.4-py3-none-any.whl.metadata
  Downloading license_expression-30.4.4-py3-none-any.whl.metadata (11 kB)
Collecting packageurl-python<2,>=0.11 (from cyclonedx-python-lib<12,>=5->pip-audit)
  Obtaining dependency information for packageurl-python<2,>=0.11 from https://files.pythonhosted.org/packages/b1/2f/c7277b7615a93f51b5fbc1eacfc1b75e8103370e786fd8ce2abf6e5c04ab/packageurl_python-0.17.6-py3-none-any.whl.metadata
  Downloading packageurl_python-0.17.6-py3-none-any.whl.metadata (5.1 kB)
Collecting py-serializable<3.0.0,>=2.1.0 (from cyclonedx-python-lib<12,>=5->pip-audit)
  Obtaining dependency information for py-serializable<3.0.0,>=2.1.0 from https://files.pythonhosted.org/packages/9b/bf/7595e817906a29453ba4d99394e781b6fabe55d21f3c15d240f85dd06bb1/py_serializable-2.1.0-py3-none-any.whl.metadata
  Downloading py_serializable-2.1.0-py3-none-any.whl.metadata (4.3 kB)
Requirement already satisfied: sortedcontainers<3.0.0,>=2.4.0 in ./work/.venv/lib/python3.11/site-packages (from cyclonedx-python-lib<12,>=5->pip-audit) (2.4.0)
Requirement already satisfied: typing_extensions<5.0,>=4.6 in ./work/.venv/lib/python3.11/site-packages (from cyclonedx-python-lib<12,>=5->pip-audit) (4.16.0)
Requirement already satisfied: pip in ./work/.venv/lib/python3.11/site-packages (from pip-api>=0.0.28->pip-audit) (23.2.1)
Collecting pyparsing (from pip-requirements-parser>=32.0.0->pip-audit)
  Obtaining dependency information for pyparsing from https://files.pythonhosted.org/packages/38/bb/d215ee7c73b61497b28a5503f9f53523f294fcc936762b7caf90e0c1c2b5/pyparsing-3.3.3-py3-none-any.whl.metadata
  Downloading pyparsing-3.3.3-py3-none-any.whl.metadata (5.9 kB)
Requirement already satisfied: charset_normalizer<4,>=2 in ./work/.venv/lib/python3.11/site-packages (from requests>=2.31.0->pip-audit) (3.5.2)
Requirement already satisfied: idna<4,>=2.5 in ./work/.venv/lib/python3.11/site-packages (from requests>=2.31.0->pip-audit) (3.20)
Collecting urllib3<3,>=1.26 (from requests>=2.31.0->pip-audit)
  Obtaining dependency information for urllib3<3,>=1.26 from https://files.pythonhosted.org/packages/92/9d/c4e665119135114480843e7ab388fa94d8480650450e6f8e26b70d323a4c/urllib3-2.8.0-py3-none-any.whl.metadata
  Downloading urllib3-2.8.0-py3-none-any.whl.metadata (7.4 kB)
Requirement already satisfied: certifi>=2023.5.7 in ./work/.venv/lib/python3.11/site-packages (from requests>=2.31.0->pip-audit) (2026.7.22)
Collecting markdown-it-py>=2.2.0 (from rich>=12.4->pip-audit)
  Obtaining dependency information for markdown-it-py>=2.2.0 from https://files.pythonhosted.org/packages/b3/81/4da04ced5a082363ecfa159c010d200ecbd959ae410c10c0264a38cac0f5/markdown_it_py-4.2.0-py3-none-any.whl.metadata
  Downloading markdown_it_py-4.2.0-py3-none-any.whl.metadata (7.4 kB)
Requirement already satisfied: pygments<3.0.0,>=2.13.0 in ./work/.venv/lib/python3.11/site-packages (from rich>=12.4->pip-audit) (2.21.0)
Collecting boolean.py>=4.0 (from license-expression<31,>=30->cyclonedx-python-lib<12,>=5->pip-audit)
  Obtaining dependency information for boolean.py>=4.0 from https://files.pythonhosted.org/packages/e5/ca/78d423b324b8d77900030fa59c4aa9054261ef0925631cd2501dd015b7b7/boolean_py-5.0-py3-none-any.whl.metadata
  Downloading boolean_py-5.0-py3-none-any.whl.metadata (2.3 kB)
Collecting mdurl~=0.1 (from markdown-it-py>=2.2.0->rich>=12.4->pip-audit)
  Obtaining dependency information for mdurl~=0.1 from https://files.pythonhosted.org/packages/b3/38/89ba8ad64ae25be8de66a6d463314cf1eb366222074cfda9ee839c56a4b4/mdurl-0.1.2-py3-none-any.whl.metadata
  Downloading mdurl-0.1.2-py3-none-any.whl.metadata (1.6 kB)
Collecting defusedxml<0.8.0,>=0.7.1 (from py-serializable<3.0.0,>=2.1.0->cyclonedx-python-lib<12,>=5->pip-audit)
  Obtaining dependency information for defusedxml<0.8.0,>=0.7.1 from https://files.pythonhosted.org/packages/07/6c/aa3f2f849e01cb6a001cd8554a88d4c77c5c1a31c95bdf1cf9301e6d9ef4/defusedxml-0.7.1-py2.py3-none-any.whl.metadata
  Downloading defusedxml-0.7.1-py2.py3-none-any.whl.metadata (32 kB)
Downloading pip_audit-2.10.1-py3-none-any.whl (62 kB)
   ━━━━━━━━━━━━━━━━━━━━━━━━━━━━━━━━━━━━━━━━ 62.0/62.0 kB 1.5 MB/s eta 0:00:00
Downloading pypdf-6.19.0-py3-none-any.whl (395 kB)
   ━━━━━━━━━━━━━━━━━━━━━━━━━━━━━━━━━━━━━━━━ 395.5/395.5 kB 1.8 MB/s eta 0:00:00
Downloading cyclonedx_python_lib-11.12.0-py3-none-any.whl (529 kB)
   ━━━━━━━━━━━━━━━━━━━━━━━━━━━━━━━━━━━━━━━━ 529.5/529.5 kB 9.6 MB/s eta 0:00:00
Downloading pip_api-0.0.35-py3-none-any.whl (123 kB)
   ━━━━━━━━━━━━━━━━━━━━━━━━━━━━━━━━━━━━━━━━ 123.9/123.9 kB 1.0 MB/s eta 0:00:00
Downloading pip_requirements_parser-32.0.1-py3-none-any.whl (35 kB)
Downloading platformdirs-4.12.2-py3-none-any.whl (32 kB)
Downloading requests-2.34.2-py3-none-any.whl (73 kB)
   ━━━━━━━━━━━━━━━━━━━━━━━━━━━━━━━━━━━━━━━━ 73.1/73.1 kB 8.5 MB/s eta 0:00:00
Downloading rich-15.0.0-py3-none-any.whl (310 kB)
   ━━━━━━━━━━━━━━━━━━━━━━━━━━━━━━━━━━━━━━━━ 310.7/310.7 kB 14.4 MB/s eta 0:00:00
Downloading tomli-2.4.1-cp311-cp311-macosx_11_0_arm64.whl (149 kB)
   ━━━━━━━━━━━━━━━━━━━━━━━━━━━━━━━━━━━━━━━━ 149.5/149.5 kB 17.3 MB/s eta 0:00:00
Downloading tomli_w-1.2.0-py3-none-any.whl (6.7 kB)
Downloading filelock-4.0.9-py3-none-any.whl (110 kB)
   ━━━━━━━━━━━━━━━━━━━━━━━━━━━━━━━━━━━━━━━━ 110.4/110.4 kB 8.5 MB/s eta 0:00:00
Downloading license_expression-30.4.4-py3-none-any.whl (120 kB)
   ━━━━━━━━━━━━━━━━━━━━━━━━━━━━━━━━━━━━━━━━ 120.6/120.6 kB 10.1 MB/s eta 0:00:00
Downloading markdown_it_py-4.2.0-py3-none-any.whl (91 kB)
   ━━━━━━━━━━━━━━━━━━━━━━━━━━━━━━━━━━━━━━━━ 91.7/91.7 kB 8.4 MB/s eta 0:00:00
Downloading msgpack-1.2.3-cp311-cp311-macosx_11_0_arm64.whl (89 kB)
   ━━━━━━━━━━━━━━━━━━━━━━━━━━━━━━━━━━━━━━━━ 89.7/89.7 kB 7.1 MB/s eta 0:00:00
Downloading packageurl_python-0.17.6-py3-none-any.whl (36 kB)
Downloading py_serializable-2.1.0-py3-none-any.whl (23 kB)
Downloading urllib3-2.8.0-py3-none-any.whl (135 kB)
   ━━━━━━━━━━━━━━━━━━━━━━━━━━━━━━━━━━━━━━━━ 135.7/135.7 kB 12.6 MB/s eta 0:00:00
Downloading cachecontrol-0.14.4-py3-none-any.whl (22 kB)
Downloading pyparsing-3.3.3-py3-none-any.whl (126 kB)
   ━━━━━━━━━━━━━━━━━━━━━━━━━━━━━━━━━━━━━━━━ 126.4/126.4 kB 10.1 MB/s eta 0:00:00
Downloading boolean_py-5.0-py3-none-any.whl (26 kB)
Downloading defusedxml-0.7.1-py2.py3-none-any.whl (25 kB)
Downloading mdurl-0.1.2-py3-none-any.whl (10.0 kB)
Installing collected packages: boolean.py, urllib3, tomli-w, tomli, pypdf, pyparsing, platformdirs, pip-api, packageurl-python, msgpack, mdurl, license-expression, filelock, defusedxml, requests, py-serializable, pip-requirements-parser, markdown-it-py, rich, cyclonedx-python-lib, CacheControl, pip-audit
Successfully installed CacheControl-0.14.4 boolean.py-5.0 cyclonedx-python-lib-11.12.0 defusedxml-0.7.1 filelock-4.0.9 license-expression-30.4.4 markdown-it-py-4.2.0 mdurl-0.1.2 msgpack-1.2.3 packageurl-python-0.17.6 pip-api-0.0.35 pip-audit-2.10.1 pip-requirements-parser-32.0.1 platformdirs-4.12.2 py-serializable-2.1.0 pyparsing-3.3.3 pypdf-6.19.0 requests-2.34.2 rich-15.0.0 tomli-2.4.1 tomli-w-1.2.0 urllib3-2.8.0
