#1 [internal] load local bake definitions
#1 reading from stdin 1.88kB done
#1 DONE 0.0s

#2 [backend internal] load build definition from Dockerfile
#2 transferring dockerfile:
#2 transferring dockerfile: 438B done
#2 DONE 0.0s

#3 [frontend internal] load build definition from Dockerfile
#3 transferring dockerfile: 765B done
#3 DONE 0.0s

#4 [backend internal] load metadata for docker.io/library/python:3.12-slim
#4 DONE 1.2s

#5 [worker internal] load .dockerignore
#5 transferring context: 112B done
#5 DONE 0.0s

#6 [frontend internal] load metadata for docker.io/library/node:22-alpine
#6 DONE 1.2s

#7 [backend 1/5] FROM docker.io/library/python:3.12-slim@sha256:dddfd7e07f9d15aeeca61529320492139d21cac7f0070c00609243e51e4e0016
#7 DONE 0.0s

#8 [frontend internal] load .dockerignore
#8 transferring context: 79B done
#8 DONE 0.0s

#9 [frontend deps 1/4] FROM docker.io/library/node:22-alpine@sha256:0a7108bf6c7bf5de370ffb1a3ed6be93d405b43ff159f681a8d18c0e2bc2e402
#9 DONE 0.0s

#10 [worker internal] load build context
#10 transferring context: 360.07kB 0.0s done
#10 DONE 0.0s

#11 [frontend internal] load build context
#11 transferring context: 133.55kB done
#11 DONE 0.0s

#12 [frontend deps 2/4] WORKDIR /app
#12 CACHED

#13 [frontend deps 3/4] COPY package*.json ./
#13 CACHED

#14 [frontend deps 4/4] RUN npm ci --no-audit --no-fund
#14 CACHED

#15 [frontend builder 3/5] COPY --from=deps /app/node_modules ./node_modules
#15 CACHED

#16 [backend 2/5] WORKDIR /app
#16 CACHED

#17 [backend 3/5] COPY requirements.txt .
#17 CACHED

#18 [backend 4/5] RUN pip install --no-cache-dir -r requirements.txt && useradd --create-home --uid 10001 bolus && mkdir -p /data/reports && chown bolus:bolus /data/reports
#18 CACHED

#19 [frontend builder 4/5] COPY . .
#19 DONE 0.1s

#20 [backend 5/5] COPY --chown=bolus:bolus . .
#20 DONE 0.1s

#21 [backend] exporting to image
#21 exporting layers 0.0s done
#21 writing image sha256:40fd49c535e5da4de89b51258c9c30398955c5390eb8edb5b29018a510bad6c1 0.0s done
#21 naming to docker.io/library/bolus-assistant-backend done
#21 DONE 0.0s

#22 [worker] exporting to image
#22 exporting layers 0.0s done
#22 writing image sha256:e9f4a7f839f32dc77175a5a6165c28d9e39c39a33b66c213e5b79bb84be9d9f0 done
#22 naming to docker.io/library/bolus-assistant-worker done
#22 DONE 0.0s

#23 [backend] resolving provenance for metadata file
#23 DONE 0.0s

#24 [worker] resolving provenance for metadata file
#24 DONE 0.0s

#25 [frontend builder 5/5] RUN npm run build
#25 0.269 
#25 0.269 > bolus-assistant@1.0.0 build
#25 0.269 > next build
#25 0.269 
#25 0.456 ▲ Next.js 16.3.8 (Turbopack)
#25 0.476 ✓ Running next.config.ts took 20ms
#25 0.482 
#25 0.495   Creating an optimized production build ...
#25 3.121 ✓ Compiled successfully in 2.5s
#25 3.133   Running TypeScript ...
#25 5.150   Finished TypeScript in 2.0s ...
#25 5.152   Collecting page data using 4 workers ...
#25 5.352   Generating static pages using 4 workers (0/3) ...
#25 5.599 ✓ Generating static pages using 4 workers (3/3) in 248ms
#25 5.602   Finalizing page optimization ...
#25 5.682 
#25 5.683 Route (app)
#25 5.683 ┌ ○ /
#25 5.683 └ ○ /_not-found
#25 5.683 
#25 5.683 
#25 5.683 ○  (Static)  prerendered as static content
#25 5.683 
#25 5.703 npm notice
#25 5.703 npm notice New major version of npm available! 10.9.9 -> 12.2.0
#25 5.703 npm notice Changelog: https://github.com/npm/cli/releases/tag/v12.2.0
#25 5.703 npm notice To update run: npm install -g npm@12.2.0
#25 5.703 npm notice
#25 DONE 5.8s

#26 [frontend runner 3/6] RUN addgroup --system --gid 1001 nodejs && adduser --system --uid 1001 nextjs
#26 CACHED

#27 [frontend runner 4/6] COPY --from=builder --chown=nextjs:nodejs /app/.next/standalone ./
#27 DONE 0.1s

#28 [frontend runner 5/6] COPY --from=builder --chown=nextjs:nodejs /app/.next/static ./.next/static
#28 DONE 0.0s

#29 [frontend runner 6/6] COPY --from=builder --chown=nextjs:nodejs /app/public ./public
#29 DONE 0.0s

#30 [frontend] exporting to image
#30 exporting layers 0.1s done
#30 writing image sha256:26b83a1dfa1b4bcff9795f0a1077e0b4cc2585ca6d32b69d417a1fe1a9206fcd done
#30 naming to docker.io/library/bolus-assistant-frontend
#30 naming to docker.io/library/bolus-assistant-frontend done
#30 DONE 0.1s

#31 [frontend] resolving provenance for metadata file
#31 DONE 0.0s
 bolus-assistant-backend  Built
 bolus-assistant-worker  Built
 bolus-assistant-frontend  Built
 Container bolus-assistant-redis-1  Running
 Container bolus-assistant-postgres-1  Running
 Container bolus-assistant-backend-1  Recreate
 Container bolus-assistant-backend-1  Recreated
 Container bolus-assistant-frontend-1  Recreate
 Container bolus-assistant-worker-1  Recreate
 Container bolus-assistant-frontend-1  Recreated
 Container bolus-assistant-nginx-1  Running
 Container bolus-assistant-worker-1  Recreated
 Container bolus-assistant-postgres-1  Waiting
 Container bolus-assistant-redis-1  Waiting
 Container bolus-assistant-redis-1  Healthy
 Container bolus-assistant-postgres-1  Healthy
 Container bolus-assistant-backend-1  Starting
 Container bolus-assistant-backend-1  Started
 Container bolus-assistant-backend-1  Waiting
 Container bolus-assistant-backend-1  Waiting
 Container bolus-assistant-backend-1  Healthy
 Container bolus-assistant-backend-1  Healthy
 Container bolus-assistant-worker-1  Starting
 Container bolus-assistant-frontend-1  Starting
 Container bolus-assistant-worker-1  Started
 Container bolus-assistant-frontend-1  Started
 Container bolus-assistant-frontend-1  Waiting
 Container bolus-assistant-frontend-1  Healthy
