#1 [internal] load local bake definitions
#1 reading from stdin 1.28kB done
#1 DONE 0.0s

#2 [backend internal] load build definition from Dockerfile
#2 DONE 0.0s

#2 [worker internal] load build definition from Dockerfile
#2 transferring dockerfile: 438B done
#2 DONE 0.0s

#3 [worker internal] load metadata for docker.io/library/python:3.12-slim
#3 DONE 1.3s

#4 [backend internal] load .dockerignore
#4 transferring context: 112B done
#4 DONE 0.0s

#5 [worker 1/5] FROM docker.io/library/python:3.12-slim@sha256:dddfd7e07f9d15aeeca61529320492139d21cac7f0070c00609243e51e4e0016
#5 DONE 0.0s

#6 [backend internal] load build context
#6 transferring context: 203.22kB 0.0s done
#6 DONE 0.0s

#7 [backend 2/5] WORKDIR /app
#7 CACHED

#8 [backend 3/5] COPY requirements.txt .
#8 CACHED

#9 [backend 4/5] RUN pip install --no-cache-dir -r requirements.txt && useradd --create-home --uid 10001 bolus && mkdir -p /data/reports && chown bolus:bolus /data/reports
#9 CACHED

#10 [worker 5/5] COPY --chown=bolus:bolus . .
#10 DONE 0.1s

#11 [worker] exporting to image
#11 exporting layers 0.0s done
#11 writing image sha256:3ac6e030ea8731d081fbddb98556593da94f69e70a784893295cd63574cc5be0 done
#11 naming to docker.io/library/bolus-assistant-worker done
#11 DONE 0.0s

#12 [backend] exporting to image
#12 exporting layers done
#12 writing image sha256:6360281304a088b085e4df7aec78ce5430eb09aec624adcc3329d0dc5fdc92b5 done
#12 naming to docker.io/library/bolus-assistant-backend done
#12 DONE 0.0s

#13 [worker] resolving provenance for metadata file
#13 DONE 0.0s

#14 [backend] resolving provenance for metadata file
#14 DONE 0.0s
 bolus-assistant-worker  Built
 bolus-assistant-backend  Built
