#1 [internal] load local bake definitions
#1 reading from stdin 1.27kB done
#1 DONE 0.0s

#2 [internal] load build definition from Dockerfile
#2 transferring dockerfile: 765B done
#2 DONE 0.0s

#3 [internal] load metadata for docker.io/library/node:22-alpine
#3 DONE 1.1s

#4 [internal] load .dockerignore
#4 transferring context: 79B done
#4 DONE 0.0s

#5 [deps 1/4] FROM docker.io/library/node:22-alpine@sha256:0a7108bf6c7bf5de370ffb1a3ed6be93d405b43ff159f681a8d18c0e2bc2e402
#5 DONE 0.0s

#6 [internal] load build context
#6 transferring context: 59.67kB done
#6 DONE 0.0s

#7 [deps 3/4] COPY package*.json ./
#7 CACHED

#8 [deps 4/4] RUN npm ci --no-audit --no-fund
#8 CACHED

#9 [deps 2/4] WORKDIR /app
#9 CACHED

#10 [builder 3/5] COPY --from=deps /app/node_modules ./node_modules
#10 CACHED

#11 [builder 4/5] COPY . .
#11 DONE 0.0s

#12 [builder 5/5] RUN npm run build
#12 0.272 
#12 0.272 > bolus-assistant@1.0.0 build
#12 0.272 > next build
#12 0.272 
#12 0.460 ▲ Next.js 16.3.8 (Turbopack)
#12 0.481 ✓ Running next.config.ts took 21ms
#12 0.488 
#12 0.502   Creating an optimized production build ...
#12 2.944 ✓ Compiled successfully in 2.3s
#12 2.950   Running TypeScript ...
#12 4.954   Finished TypeScript in 2.0s ...
#12 4.955   Collecting page data using 4 workers ...
#12 5.141   Generating static pages using 4 workers (0/3) ...
#12 5.377 ✓ Generating static pages using 4 workers (3/3) in 236ms
#12 5.379   Finalizing page optimization ...
#12 5.465 
#12 5.466 Route (app)
#12 5.466 ┌ ○ /
#12 5.466 └ ○ /_not-found
#12 5.466 
#12 5.466 
#12 5.466 ○  (Static)  prerendered as static content
#12 5.466 
#12 5.483 npm notice
#12 5.483 npm notice New major version of npm available! 10.9.9 -> 12.2.0
#12 5.483 npm notice Changelog: https://github.com/npm/cli/releases/tag/v12.2.0
#12 5.483 npm notice To update run: npm install -g npm@12.2.0
#12 5.483 npm notice
#12 DONE 5.6s

#13 [runner 3/6] RUN addgroup --system --gid 1001 nodejs && adduser --system --uid 1001 nextjs
#13 CACHED

#14 [runner 4/6] COPY --from=builder --chown=nextjs:nodejs /app/.next/standalone ./
#14 DONE 0.1s

#15 [runner 5/6] COPY --from=builder --chown=nextjs:nodejs /app/.next/static ./.next/static
#15 DONE 0.0s

#16 [runner 6/6] COPY --from=builder --chown=nextjs:nodejs /app/public ./public
#16 DONE 0.0s

#17 exporting to image
#17 exporting layers 0.1s done
#17 writing image sha256:1116ce7da7bf562fb3fc0eb98f28ce7934f8194d0a3bd6a8bbed12d3fd6c26c4 done
#17 naming to docker.io/library/bolus-assistant-frontend done
#17 DONE 0.1s

#18 resolving provenance for metadata file
#18 DONE 0.0s
 bolus-assistant-frontend  Built
