#1 [internal] load local bake definitions
#1 reading from stdin 1.88kB done
#1 DONE 0.0s

#2 [worker internal] load build definition from Dockerfile
#2 DONE 0.0s

#2 [backend internal] load build definition from Dockerfile
#2 transferring dockerfile: 438B done
#2 DONE 0.0s

#3 [frontend internal] load build definition from Dockerfile
#3 transferring dockerfile: 765B done
#3 DONE 0.0s

#4 [worker internal] load metadata for docker.io/library/python:3.12-slim
#4 ...

#5 [frontend internal] load metadata for docker.io/library/node:22-alpine
#5 DONE 1.2s

#4 [backend internal] load metadata for docker.io/library/python:3.12-slim
#4 DONE 1.2s

#6 [worker internal] load .dockerignore
#6 transferring context: 112B done
#6 DONE 0.0s

#7 [frontend internal] load .dockerignore
#7 transferring context: 79B done
#7 DONE 0.0s

#8 [backend 1/5] FROM docker.io/library/python:3.12-slim@sha256:dddfd7e07f9d15aeeca61529320492139d21cac7f0070c00609243e51e4e0016
#8 DONE 0.0s

#9 [frontend deps 1/4] FROM docker.io/library/node:22-alpine@sha256:0a7108bf6c7bf5de370ffb1a3ed6be93d405b43ff159f681a8d18c0e2bc2e402
#9 DONE 0.0s

#10 [frontend internal] load build context
#10 transferring context: 181.79kB 0.0s done
#10 DONE 0.0s

#11 [frontend deps 2/4] WORKDIR /app
#11 CACHED

#12 [frontend deps 3/4] COPY package*.json ./
#12 CACHED

#13 [frontend deps 4/4] RUN npm ci --no-audit --no-fund
#13 CACHED

#14 [frontend builder 3/5] COPY --from=deps /app/node_modules ./node_modules
#14 CACHED

#15 [backend internal] load build context
#15 transferring context: 528.60kB 0.0s done
#15 DONE 0.0s

#16 [backend 2/5] WORKDIR /app
#16 CACHED

#17 [frontend builder 4/5] COPY . .
#17 DONE 0.0s

#18 [worker 3/5] COPY requirements.txt .
#18 DONE 0.0s

#19 [backend 4/5] RUN pip install --no-cache-dir -r requirements.txt && useradd --create-home --uid 10001 bolus && mkdir -p /data/reports && chown bolus:bolus /data/reports
#19 1.025 Collecting alembic==1.20.0 (from -r requirements.txt (line 1))
#19 1.271   Downloading alembic-1.20.0-py3-none-any.whl.metadata (7.3 kB)
#19 1.341 Collecting amqp==5.4.0 (from -r requirements.txt (line 2))
#19 1.397   Downloading amqp-5.4.0-py3-none-any.whl.metadata (9.4 kB)
#19 1.457 Collecting annotated-doc==0.0.5 (from -r requirements.txt (line 3))
#19 1.513   Downloading annotated_doc-0.0.5-py3-none-any.whl.metadata (6.5 kB)
#19 1.669 Collecting annotated-types==0.8.0 (from -r requirements.txt (line 4))
#19 1.728   Downloading annotated_types-0.8.0-py3-none-any.whl.metadata (15 kB)
#19 1.915 Collecting anyio==4.15.1 (from -r requirements.txt (line 5))
#19 1.976   Downloading anyio-4.15.1-py3-none-any.whl.metadata (4.7 kB)
#19 2.162 Collecting argon2-cffi==25.1.0 (from -r requirements.txt (line 6))
#19 2.222   Downloading argon2_cffi-25.1.0-py3-none-any.whl.metadata (4.1 kB)
#19 2.288 Collecting argon2-cffi-bindings==26.1.0 (from -r requirements.txt (line 7))
#19 2.360   Downloading argon2_cffi_bindings-26.1.0-cp310-abi3-manylinux_2_26_aarch64.manylinux_2_28_aarch64.whl.metadata (7.5 kB)
#19 2.537 Collecting billiard==4.3.0 (from -r requirements.txt (line 8))
#19 2.599   Downloading billiard-4.3.0-py3-none-any.whl.metadata (5.0 kB)
#19 2.697 Collecting celery==5.6.3 (from -r requirements.txt (line 9))
#19 2.752   Downloading celery-5.6.3-py3-none-any.whl.metadata (23 kB)
#19 2.958 Collecting certifi==2026.7.22 (from -r requirements.txt (line 10))
#19 3.019   Downloading certifi-2026.7.22-py3-none-any.whl.metadata (2.5 kB)
#19 3.209 Collecting cffi==2.1.1 (from -r requirements.txt (line 11))
#19 3.263   Downloading cffi-2.1.1-cp312-cp312-manylinux2014_aarch64.manylinux_2_17_aarch64.whl.metadata (2.5 kB)
#19 3.392 Collecting charset-normalizer==3.5.2 (from -r requirements.txt (line 12))
#19 3.449   Downloading charset_normalizer-3.5.2-cp312-cp312-manylinux2014_aarch64.manylinux_2_17_aarch64.manylinux_2_28_aarch64.whl.metadata (46 kB)
#19 3.549 Collecting click==8.5.0 (from -r requirements.txt (line 13))
#19 3.608   Downloading click-8.5.0-py3-none-any.whl.metadata (2.6 kB)
#19 3.664 Collecting click-didyoumean==0.3.1 (from -r requirements.txt (line 14))
#19 3.737   Downloading click_didyoumean-0.3.1-py3-none-any.whl.metadata (3.9 kB)
#19 3.891 Collecting click-plugins==1.1.1.2 (from -r requirements.txt (line 15))
#19 3.946   Downloading click_plugins-1.1.1.2-py2.py3-none-any.whl.metadata (6.5 kB)
#19 4.003 Collecting click-repl==0.4.0 (from -r requirements.txt (line 16))
#19 4.060   Downloading click_repl-0.4.0-py3-none-any.whl.metadata (3.7 kB)
#19 4.308 Collecting coverage==7.16.2 (from -r requirements.txt (line 17))
#19 4.363   Downloading coverage-7.16.2-cp312-cp312-manylinux2014_aarch64.manylinux_2_17_aarch64.manylinux_2_28_aarch64.whl.metadata (8.2 kB)
#19 4.506 Collecting cryptography==50.0.2 (from -r requirements.txt (line 18))
#19 4.563   Downloading cryptography-50.0.2-cp311-abi3-manylinux_2_34_aarch64.whl.metadata (4.4 kB)
#19 4.723 Collecting dnspython==2.8.0 (from -r requirements.txt (line 19))
#19 4.782   Downloading dnspython-2.8.0-py3-none-any.whl.metadata (5.7 kB)
#19 4.840 Collecting email-validator==2.3.0 (from -r requirements.txt (line 20))
#19 4.894   Downloading email_validator-2.3.0-py3-none-any.whl.metadata (26 kB)
#19 5.065 Collecting et_xmlfile==2.0.0 (from -r requirements.txt (line 21))
#19 5.119   Downloading et_xmlfile-2.0.0-py3-none-any.whl.metadata (2.7 kB)
#19 5.193 Collecting fastapi==0.142.2 (from -r requirements.txt (line 22))
#19 5.254   Downloading fastapi-0.142.2-py3-none-any.whl.metadata (27 kB)
#19 5.423 Collecting h11==0.16.0 (from -r requirements.txt (line 23))
#19 5.479   Downloading h11-0.16.0-py3-none-any.whl.metadata (8.3 kB)
#19 ...

#20 [frontend builder 5/5] RUN npm run build
#20 0.254 
#20 0.254 > bolus-assistant@1.0.0 build
#20 0.254 > next build
#20 0.254 
#20 0.425 ▲ Next.js 16.3.8 (Turbopack)
#20 0.443 ✓ Running next.config.ts took 18ms
#20 0.451 
#20 0.464   Creating an optimized production build ...
#20 2.932 ✓ Compiled successfully in 2.4s
#20 2.935   Running TypeScript ...
#20 5.043   Finished TypeScript in 2.1s ...
#20 5.044   Collecting page data using 4 workers ...
#20 5.240   Generating static pages using 4 workers (0/3) ...
#20 5.484 ✓ Generating static pages using 4 workers (3/3) in 244ms
#20 5.486   Finalizing page optimization ...
#20 5.566 
#20 5.567 Route (app)
#20 5.567 ┌ ○ /
#20 5.567 └ ○ /_not-found
#20 5.567 
#20 5.567 
#20 5.567 ○  (Static)  prerendered as static content
#20 5.567 
#20 5.581 npm notice
#20 5.581 npm notice New major version of npm available! 10.9.9 -> 12.2.0
#20 5.581 npm notice Changelog: https://github.com/npm/cli/releases/tag/v12.2.0
#20 5.581 npm notice To update run: npm install -g npm@12.2.0
#20 5.581 npm notice
#20 DONE 5.7s

#19 [backend 4/5] RUN pip install --no-cache-dir -r requirements.txt && useradd --create-home --uid 10001 bolus && mkdir -p /data/reports && chown bolus:bolus /data/reports
#19 5.541 Collecting httpcore==1.0.9 (from -r requirements.txt (line 24))
#19 5.598   Downloading httpcore-1.0.9-py3-none-any.whl.metadata (21 kB)
#19 ...

#21 [frontend runner 3/6] RUN addgroup --system --gid 1001 nodejs && adduser --system --uid 1001 nextjs
#21 CACHED

#22 [frontend runner 4/6] COPY --from=builder --chown=nextjs:nodejs /app/.next/standalone ./
#22 DONE 0.1s

#23 [frontend runner 5/6] COPY --from=builder --chown=nextjs:nodejs /app/.next/static ./.next/static
#23 DONE 0.0s

#24 [frontend runner 6/6] COPY --from=builder --chown=nextjs:nodejs /app/public ./public
#24 DONE 0.0s

#25 [frontend] exporting to image
#25 exporting layers 0.1s done
#25 writing image sha256:af816ed85d4ac0dc68c8d2b8458bbe635a1d12e0a9987f36168364022aa136ca
#25 writing image sha256:af816ed85d4ac0dc68c8d2b8458bbe635a1d12e0a9987f36168364022aa136ca done
#25 naming to docker.io/library/bolus-assistant-frontend done
#25 DONE 0.1s

#26 [frontend] resolving provenance for metadata file
#26 DONE 0.0s

#19 [backend 4/5] RUN pip install --no-cache-dir -r requirements.txt && useradd --create-home --uid 10001 bolus && mkdir -p /data/reports && chown bolus:bolus /data/reports
#19 5.877 Collecting httptools==0.8.0 (from -r requirements.txt (line 25))
#19 5.934   Downloading httptools-0.8.0-cp312-cp312-manylinux2014_aarch64.manylinux_2_17_aarch64.manylinux_2_28_aarch64.whl.metadata (3.5 kB)
#19 5.992 Collecting httpx==0.28.1 (from -r requirements.txt (line 26))
#19 6.054   Downloading httpx-0.28.1-py3-none-any.whl.metadata (7.1 kB)
#19 6.298 Collecting hypothesis==6.168.3 (from -r requirements.txt (line 27))
#19 6.359   Downloading hypothesis-6.168.3-cp312-cp312-manylinux_2_17_aarch64.manylinux2014_aarch64.whl.metadata (5.7 kB)
#19 7.522 Collecting idna==3.20 (from -r requirements.txt (line 28))
#19 7.587   Downloading idna-3.20-py3-none-any.whl.metadata (7.2 kB)
#19 7.651 Collecting iniconfig==2.3.0 (from -r requirements.txt (line 29))
#19 7.711   Downloading iniconfig-2.3.0-py3-none-any.whl.metadata (2.5 kB)
#19 7.796 Collecting kombu==5.6.2 (from -r requirements.txt (line 30))
#19 7.854   Downloading kombu-5.6.2-py3-none-any.whl.metadata (3.5 kB)
#19 7.938 Collecting Mako==1.4.3 (from -r requirements.txt (line 31))
#19 8.030   Downloading mako-1.4.3-py3-none-any.whl.metadata (2.9 kB)
#19 8.117 Collecting MarkupSafe==3.0.3 (from -r requirements.txt (line 32))
#19 8.176   Downloading markupsafe-3.0.3-cp312-cp312-manylinux2014_aarch64.manylinux_2_17_aarch64.manylinux_2_28_aarch64.whl.metadata (2.7 kB)
#19 8.257 Collecting openpyxl==3.1.5 (from -r requirements.txt (line 33))
#19 8.318   Downloading openpyxl-3.1.5-py2.py3-none-any.whl.metadata (2.5 kB)
#19 8.390 Collecting opentelemetry-api==1.45.0 (from -r requirements.txt (line 34))
#19 8.452   Downloading opentelemetry_api-1.45.0-py3-none-any.whl.metadata (1.4 kB)
#19 8.522 Collecting packaging==26.3 (from -r requirements.txt (line 35))
#19 8.581   Downloading packaging-26.3-py3-none-any.whl.metadata (3.5 kB)
#19 8.734 Collecting pillow==12.3.0 (from -r requirements.txt (line 36))
#19 8.790   Downloading pillow-12.3.0-cp312-cp312-manylinux_2_27_aarch64.manylinux_2_28_aarch64.whl.metadata (9.1 kB)
#19 8.959 Collecting pluggy==1.6.0 (from -r requirements.txt (line 37))
#19 9.016   Downloading pluggy-1.6.0-py3-none-any.whl.metadata (4.8 kB)
#19 9.089 Collecting prompt_toolkit==3.0.53 (from -r requirements.txt (line 38))
#19 9.147   Downloading prompt_toolkit-3.0.53-py3-none-any.whl.metadata (6.4 kB)
#19 9.316 Collecting psycopg==3.3.6 (from -r requirements.txt (line 39))
#19 9.374   Downloading psycopg-3.3.6-py3-none-any.whl.metadata (4.4 kB)
#19 9.517 Collecting psycopg-binary==3.3.6 (from -r requirements.txt (line 40))
#19 9.574   Downloading psycopg_binary-3.3.6-cp312-cp312-manylinux_2_27_aarch64.manylinux_2_28_aarch64.whl.metadata (2.7 kB)
#19 9.629 Collecting pycparser==3.0 (from -r requirements.txt (line 41))
#19 9.690   Downloading pycparser-3.0-py3-none-any.whl.metadata (8.2 kB)
#19 9.804 Collecting pydantic==2.13.5 (from -r requirements.txt (line 42))
#19 9.858   Downloading pydantic-2.13.5-py3-none-any.whl.metadata (110 kB)
#19 9.982 Collecting pydantic-settings==2.15.0 (from -r requirements.txt (line 43))
#19 10.04   Downloading pydantic_settings-2.15.0-py3-none-any.whl.metadata (3.9 kB)
#19 10.48 Collecting pydantic_core==2.46.5 (from -r requirements.txt (line 44))
#19 10.54   Downloading pydantic_core-2.46.5-cp312-cp312-manylinux_2_17_aarch64.manylinux2014_aarch64.whl.metadata (6.6 kB)
#19 10.60 Collecting Pygments==2.21.0 (from -r requirements.txt (line 45))
#19 10.65   Downloading pygments-2.21.0-py3-none-any.whl.metadata (2.5 kB)
#19 10.73 Collecting pytest==9.1.1 (from -r requirements.txt (line 46))
#19 10.78   Downloading pytest-9.1.1-py3-none-any.whl.metadata (7.6 kB)
#19 10.85 Collecting pytest-cov==7.1.0 (from -r requirements.txt (line 47))
#19 10.91   Downloading pytest_cov-7.1.0-py3-none-any.whl.metadata (32 kB)
#19 10.98 Collecting python-dateutil==2.9.0.post0 (from -r requirements.txt (line 48))
#19 11.04   Downloading python_dateutil-2.9.0.post0-py2.py3-none-any.whl.metadata (8.4 kB)
#19 11.11 Collecting python-dotenv==1.2.4 (from -r requirements.txt (line 49))
#19 11.18   Downloading python_dotenv-1.2.4-py3-none-any.whl.metadata (29 kB)
#19 11.35 Collecting python-multipart==0.0.32 (from -r requirements.txt (line 50))
#19 11.41   Downloading python_multipart-0.0.32-py3-none-any.whl.metadata (2.1 kB)
#19 11.50 Collecting PyYAML==6.0.3 (from -r requirements.txt (line 51))
#19 11.56   Downloading pyyaml-6.0.3-cp312-cp312-manylinux2014_aarch64.manylinux_2_17_aarch64.manylinux_2_28_aarch64.whl.metadata (2.4 kB)
#19 11.63 Collecting redis==8.1.0 (from -r requirements.txt (line 52))
#19 11.71   Downloading redis-8.1.0-py3-none-any.whl.metadata (16 kB)
#19 11.85 Collecting reportlab==5.0.1 (from -r requirements.txt (line 53))
#19 11.90   Downloading reportlab-5.0.1-py3-none-any.whl.metadata (1.6 kB)
#19 11.96 Collecting six==1.17.0 (from -r requirements.txt (line 54))
#19 12.02   Downloading six-1.17.0-py2.py3-none-any.whl.metadata (1.7 kB)
#19 12.09 Collecting sortedcontainers==2.4.0 (from -r requirements.txt (line 55))
#19 12.15   Downloading sortedcontainers-2.4.0-py2.py3-none-any.whl.metadata (10 kB)
#19 12.37 Collecting SQLAlchemy==2.1.2 (from -r requirements.txt (line 56))
#19 12.43   Downloading sqlalchemy-2.1.2-cp312-cp312-manylinux2014_aarch64.manylinux_2_17_aarch64.manylinux_2_28_aarch64.whl.metadata (9.7 kB)
#19 12.51 Collecting starlette==1.7.0 (from -r requirements.txt (line 57))
#19 12.57   Downloading starlette-1.7.0-py3-none-any.whl.metadata (6.6 kB)
#19 12.62 Collecting typing-inspection==0.4.4 (from -r requirements.txt (line 58))
#19 12.68   Downloading typing_inspection-0.4.4-py3-none-any.whl.metadata (2.6 kB)
#19 12.75 Collecting typing_extensions==4.16.0 (from -r requirements.txt (line 59))
#19 12.80   Downloading typing_extensions-4.16.0-py3-none-any.whl.metadata (3.3 kB)
#19 12.87 Collecting tzdata==2026.4 (from -r requirements.txt (line 60))
#19 12.93   Downloading tzdata-2026.4-py2.py3-none-any.whl.metadata (1.4 kB)
#19 13.09 Collecting tzlocal==5.4.4 (from -r requirements.txt (line 61))
#19 13.15   Downloading tzlocal-5.4.4-py3-none-any.whl.metadata (7.7 kB)
#19 13.22 Collecting uvicorn==0.54.0 (from -r requirements.txt (line 62))
#19 13.27   Downloading uvicorn-0.54.0-py3-none-any.whl.metadata (6.6 kB)
#19 13.36 Collecting uvloop==0.23.0 (from -r requirements.txt (line 63))
#19 13.41   Downloading uvloop-0.23.0-cp312-cp312-manylinux2014_aarch64.manylinux_2_17_aarch64.manylinux_2_28_aarch64.whl.metadata (5.1 kB)
#19 13.58 Collecting vine==5.1.0 (from -r requirements.txt (line 64))
#19 13.64   Downloading vine-5.1.0-py3-none-any.whl.metadata (2.7 kB)
#19 13.76 Collecting watchfiles==1.3.0 (from -r requirements.txt (line 65))
#19 13.82   Downloading watchfiles-1.3.0-cp310-abi3-manylinux_2_17_aarch64.manylinux2014_aarch64.whl.metadata (4.9 kB)
#19 13.89 Collecting wcwidth==0.9.1 (from -r requirements.txt (line 66))
#19 13.95   Downloading wcwidth-0.9.1-cp310-abi3-manylinux2014_aarch64.manylinux_2_17_aarch64.whl.metadata (23 kB)
#19 14.09 Collecting websockets==17.1 (from -r requirements.txt (line 67))
#19 14.15   Downloading websockets-17.1-cp312-cp312-manylinux2014_aarch64.manylinux_2_17_aarch64.manylinux_2_28_aarch64.whl.metadata (6.3 kB)
#19 14.31 Downloading alembic-1.20.0-py3-none-any.whl (268 kB)
#19 14.52 Downloading amqp-5.4.0-py3-none-any.whl (51 kB)
#19 14.58 Downloading annotated_doc-0.0.5-py3-none-any.whl (5.3 kB)
#19 14.64 Downloading annotated_types-0.8.0-py3-none-any.whl (13 kB)
#19 14.82 Downloading anyio-4.15.1-py3-none-any.whl (132 kB)
#19 14.88 Downloading argon2_cffi-25.1.0-py3-none-any.whl (14 kB)
#19 14.95 Downloading argon2_cffi_bindings-26.1.0-cp310-abi3-manylinux_2_26_aarch64.manylinux_2_28_aarch64.whl (27 kB)
#19 15.02 Downloading billiard-4.3.0-py3-none-any.whl (88 kB)
#19 15.08 Downloading celery-5.6.3-py3-none-any.whl (451 kB)
#19 15.17 Downloading certifi-2026.7.22-py3-none-any.whl (136 kB)
#19 15.23 Downloading cffi-2.1.1-cp312-cp312-manylinux2014_aarch64.manylinux_2_17_aarch64.whl (222 kB)
#19 15.31 Downloading charset_normalizer-3.5.2-cp312-cp312-manylinux2014_aarch64.manylinux_2_17_aarch64.manylinux_2_28_aarch64.whl (246 kB)
#19 15.38 Downloading click-8.5.0-py3-none-any.whl (125 kB)
#19 15.44 Downloading click_didyoumean-0.3.1-py3-none-any.whl (3.6 kB)
#19 15.51 Downloading click_plugins-1.1.1.2-py2.py3-none-any.whl (11 kB)
#19 15.58 Downloading click_repl-0.4.0-py3-none-any.whl (14 kB)
#19 15.64 Downloading coverage-7.16.2-cp312-cp312-manylinux2014_aarch64.manylinux_2_17_aarch64.manylinux_2_28_aarch64.whl (259 kB)
#19 15.73 Downloading cryptography-50.0.2-cp311-abi3-manylinux_2_34_aarch64.whl (4.7 MB)
#19 16.15    ━━━━━━━━━━━━━━━━━━━━━━━━━━━━━━━━━━━━━━━━ 4.7/4.7 MB 10.7 MB/s eta 0:00:00
#19 16.22 Downloading dnspython-2.8.0-py3-none-any.whl (331 kB)
#19 16.30 Downloading email_validator-2.3.0-py3-none-any.whl (35 kB)
#19 16.36 Downloading et_xmlfile-2.0.0-py3-none-any.whl (18 kB)
#19 16.42 Downloading fastapi-0.142.2-py3-none-any.whl (144 kB)
#19 16.59 Downloading h11-0.16.0-py3-none-any.whl (37 kB)
#19 16.66 Downloading httpcore-1.0.9-py3-none-any.whl (78 kB)
#19 16.75 Downloading httptools-0.8.0-cp312-cp312-manylinux2014_aarch64.manylinux_2_17_aarch64.manylinux_2_28_aarch64.whl (518 kB)
#19 16.85 Downloading httpx-0.28.1-py3-none-any.whl (73 kB)
#19 16.92 Downloading hypothesis-6.168.3-cp312-cp312-manylinux_2_17_aarch64.manylinux2014_aarch64.whl (1.1 MB)
#19 17.02    ━━━━━━━━━━━━━━━━━━━━━━━━━━━━━━━━━━━━━━━━ 1.1/1.1 MB 9.4 MB/s eta 0:00:00
#19 17.09 Downloading idna-3.20-py3-none-any.whl (69 kB)
#19 17.15 Downloading iniconfig-2.3.0-py3-none-any.whl (7.5 kB)
#19 17.22 Downloading kombu-5.6.2-py3-none-any.whl (214 kB)
#19 17.29 Downloading mako-1.4.3-py3-none-any.whl (80 kB)
#19 17.35 Downloading markupsafe-3.0.3-cp312-cp312-manylinux2014_aarch64.manylinux_2_17_aarch64.manylinux_2_28_aarch64.whl (24 kB)
#19 17.43 Downloading openpyxl-3.1.5-py2.py3-none-any.whl (250 kB)
#19 17.49 Downloading opentelemetry_api-1.45.0-py3-none-any.whl (60 kB)
#19 17.56 Downloading packaging-26.3-py3-none-any.whl (129 kB)
#19 17.64 Downloading pillow-12.3.0-cp312-cp312-manylinux_2_27_aarch64.manylinux_2_28_aarch64.whl (6.3 MB)
#19 18.18    ━━━━━━━━━━━━━━━━━━━━━━━━━━━━━━━━━━━━━━━━ 6.3/6.3 MB 11.1 MB/s eta 0:00:00
#19 18.24 Downloading pluggy-1.6.0-py3-none-any.whl (20 kB)
#19 18.32 Downloading prompt_toolkit-3.0.53-py3-none-any.whl (392 kB)
#19 18.39 Downloading psycopg-3.3.6-py3-none-any.whl (215 kB)
#19 18.46 Downloading psycopg_binary-3.3.6-cp312-cp312-manylinux_2_27_aarch64.manylinux_2_28_aarch64.whl (6.8 MB)
#19 19.00    ━━━━━━━━━━━━━━━━━━━━━━━━━━━━━━━━━━━━━━━━ 6.8/6.8 MB 12.4 MB/s eta 0:00:00
#19 19.06 Downloading pycparser-3.0-py3-none-any.whl (48 kB)
#19 19.12 Downloading pydantic-2.13.5-py3-none-any.whl (472 kB)
#19 19.24 Downloading pydantic_settings-2.15.0-py3-none-any.whl (69 kB)
#19 19.31 Downloading pydantic_core-2.46.5-cp312-cp312-manylinux_2_17_aarch64.manylinux2014_aarch64.whl (2.0 MB)
#19 19.49    ━━━━━━━━━━━━━━━━━━━━━━━━━━━━━━━━━━━━━━━━ 2.0/2.0 MB 10.7 MB/s eta 0:00:00
#19 19.55 Downloading pygments-2.21.0-py3-none-any.whl (1.3 MB)
#19 19.64    ━━━━━━━━━━━━━━━━━━━━━━━━━━━━━━━━━━━━━━━━ 1.3/1.3 MB 13.8 MB/s eta 0:00:00
#19 19.71 Downloading pytest-9.1.1-py3-none-any.whl (386 kB)
#19 19.90 Downloading pytest_cov-7.1.0-py3-none-any.whl (22 kB)
#19 19.97 Downloading python_dateutil-2.9.0.post0-py2.py3-none-any.whl (229 kB)
#19 20.18 Downloading python_dotenv-1.2.4-py3-none-any.whl (23 kB)
#19 20.25 Downloading python_multipart-0.0.32-py3-none-any.whl (30 kB)
#19 20.31 Downloading pyyaml-6.0.3-cp312-cp312-manylinux2014_aarch64.manylinux_2_17_aarch64.manylinux_2_28_aarch64.whl (775 kB)
#19 20.37    ━━━━━━━━━━━━━━━━━━━━━━━━━━━━━━━━━━━━━━━━ 775.1/775.1 kB 12.6 MB/s eta 0:00:00
#19 20.43 Downloading redis-8.1.0-py3-none-any.whl (560 kB)
#19 20.46    ━━━━━━━━━━━━━━━━━━━━━━━━━━━━━━━━━━━━━━━━ 560.6/560.6 kB 23.8 MB/s eta 0:00:00
#19 20.54 Downloading reportlab-5.0.1-py3-none-any.whl (2.0 MB)
#19 20.69    ━━━━━━━━━━━━━━━━━━━━━━━━━━━━━━━━━━━━━━━━ 2.0/2.0 MB 11.2 MB/s eta 0:00:00
#19 20.75 Downloading six-1.17.0-py2.py3-none-any.whl (11 kB)
#19 20.82 Downloading sortedcontainers-2.4.0-py2.py3-none-any.whl (29 kB)
#19 20.88 Downloading sqlalchemy-2.1.2-cp312-cp312-manylinux2014_aarch64.manylinux_2_17_aarch64.manylinux_2_28_aarch64.whl (4.7 MB)
#19 21.23    ━━━━━━━━━━━━━━━━━━━━━━━━━━━━━━━━━━━━━━━━ 4.7/4.7 MB 13.2 MB/s eta 0:00:00
#19 21.29 Downloading starlette-1.7.0-py3-none-any.whl (78 kB)
#19 21.35 Downloading typing_inspection-0.4.4-py3-none-any.whl (14 kB)
#19 21.41 Downloading typing_extensions-4.16.0-py3-none-any.whl (45 kB)
#19 21.49 Downloading tzdata-2026.4-py2.py3-none-any.whl (347 kB)
#19 21.55 Downloading tzlocal-5.4.4-py3-none-any.whl (18 kB)
#19 21.61 Downloading uvicorn-0.54.0-py3-none-any.whl (87 kB)
#19 21.68 Downloading uvloop-0.23.0-cp312-cp312-manylinux2014_aarch64.manylinux_2_17_aarch64.manylinux_2_28_aarch64.whl (4.4 MB)
#19 22.15    ━━━━━━━━━━━━━━━━━━━━━━━━━━━━━━━━━━━━━━━━ 4.4/4.4 MB 9.1 MB/s eta 0:00:00
#19 22.21 Downloading vine-5.1.0-py3-none-any.whl (9.6 kB)
#19 22.27 Downloading watchfiles-1.3.0-cp310-abi3-manylinux_2_17_aarch64.manylinux2014_aarch64.whl (454 kB)
#19 22.36 Downloading wcwidth-0.9.1-cp310-abi3-manylinux2014_aarch64.manylinux_2_17_aarch64.whl (770 kB)
#19 22.40    ━━━━━━━━━━━━━━━━━━━━━━━━━━━━━━━━━━━━━━━━ 770.5/770.5 kB 20.8 MB/s eta 0:00:00
#19 22.46 Downloading websockets-17.1-cp312-cp312-manylinux2014_aarch64.manylinux_2_17_aarch64.manylinux_2_28_aarch64.whl (225 kB)
#19 22.57 Installing collected packages: sortedcontainers, websockets, wcwidth, vine, uvloop, tzlocal, tzdata, typing_extensions, six, redis, PyYAML, python-multipart, python-dotenv, Pygments, pycparser, psycopg-binary, pluggy, pillow, packaging, MarkupSafe, iniconfig, idna, hypothesis, httptools, h11, et_xmlfile, dnspython, coverage, click, charset-normalizer, certifi, billiard, annotated-types, annotated-doc, uvicorn, typing-inspection, SQLAlchemy, reportlab, python-dateutil, pytest, pydantic_core, psycopg, prompt_toolkit, opentelemetry-api, openpyxl, Mako, httpcore, email-validator, click-plugins, click-didyoumean, cffi, anyio, amqp, watchfiles, starlette, pytest-cov, pydantic, kombu, httpx, cryptography, click-repl, argon2-cffi-bindings, alembic, pydantic-settings, fastapi, celery, argon2-cffi
#19 25.80 Successfully installed Mako-1.4.3 MarkupSafe-3.0.3 PyYAML-6.0.3 Pygments-2.21.0 SQLAlchemy-2.1.2 alembic-1.20.0 amqp-5.4.0 annotated-doc-0.0.5 annotated-types-0.8.0 anyio-4.15.1 argon2-cffi-25.1.0 argon2-cffi-bindings-26.1.0 billiard-4.3.0 celery-5.6.3 certifi-2026.7.22 cffi-2.1.1 charset-normalizer-3.5.2 click-8.5.0 click-didyoumean-0.3.1 click-plugins-1.1.1.2 click-repl-0.4.0 coverage-7.16.2 cryptography-50.0.2 dnspython-2.8.0 email-validator-2.3.0 et_xmlfile-2.0.0 fastapi-0.142.2 h11-0.16.0 httpcore-1.0.9 httptools-0.8.0 httpx-0.28.1 hypothesis-6.168.3 idna-3.20 iniconfig-2.3.0 kombu-5.6.2 openpyxl-3.1.5 opentelemetry-api-1.45.0 packaging-26.3 pillow-12.3.0 pluggy-1.6.0 prompt_toolkit-3.0.53 psycopg-3.3.6 psycopg-binary-3.3.6 pycparser-3.0 pydantic-2.13.5 pydantic-settings-2.15.0 pydantic_core-2.46.5 pytest-9.1.1 pytest-cov-7.1.0 python-dateutil-2.9.0.post0 python-dotenv-1.2.4 python-multipart-0.0.32 redis-8.1.0 reportlab-5.0.1 six-1.17.0 sortedcontainers-2.4.0 starlette-1.7.0 typing-inspection-0.4.4 typing_extensions-4.16.0 tzdata-2026.4 tzlocal-5.4.4 uvicorn-0.54.0 uvloop-0.23.0 vine-5.1.0 watchfiles-1.3.0 wcwidth-0.9.1 websockets-17.1
#19 25.80 WARNING: Running pip as the 'root' user can result in broken permissions and conflicting behaviour with the system package manager, possibly rendering your system unusable. It is recommended to use a virtual environment instead: https://pip.pypa.io/warnings/venv. Use the --root-user-action option if you know what you are doing and want to suppress this warning.
#19 26.14 
#19 26.14 [notice] A new release of pip is available: 25.0.1 -> 26.2.1
#19 26.14 [notice] To update, run: pip install --upgrade pip
#19 DONE 26.4s

#27 [backend 5/5] COPY --chown=bolus:bolus . .
#27 DONE 0.0s

#28 [worker] exporting to image
#28 exporting layers
#28 exporting layers 0.3s done
#28 writing image sha256:1e6841066a2aaa84e3d2768fb296c4cbfff92349b34c45c843f6fa3de9bb3d76 done
#28 naming to docker.io/library/bolus-assistant-worker done
#28 DONE 0.4s

#29 [backend] exporting to image
#29 exporting layers 0.3s done
#29 writing image sha256:fc99b43d870786e29af1e465acdae6cef33f339cea192e399dd51dd6f2e27e0a done
#29 naming to docker.io/library/bolus-assistant-backend done
#29 DONE 0.4s

#30 [worker] resolving provenance for metadata file
#30 DONE 0.0s

#31 [backend] resolving provenance for metadata file
#31 DONE 0.0s
 bolus-assistant-frontend  Built
 bolus-assistant-backend  Built
 bolus-assistant-worker  Built
