#1 [internal] load local bake definitions
#1 reading from stdin 1.88kB done
#1 DONE 0.0s

#2 [frontend internal] load build definition from Dockerfile
#2 transferring dockerfile: 765B done
#2 DONE 0.0s

#3 [worker internal] load build definition from Dockerfile
#3 transferring dockerfile: 438B done
#3 DONE 0.0s

#4 [backend internal] load metadata for docker.io/library/python:3.12-slim
#4 DONE 2.6s

#5 [frontend internal] load metadata for docker.io/library/node:22-alpine
#5 DONE 2.7s

#6 [worker internal] load .dockerignore
#6 transferring context: 112B done
#6 DONE 0.0s

#7 [frontend internal] load .dockerignore
#7 transferring context: 79B done
#7 DONE 0.0s

#8 [backend 1/5] FROM docker.io/library/python:3.12-slim@sha256:dddfd7e07f9d15aeeca61529320492139d21cac7f0070c00609243e51e4e0016
#8 DONE 0.0s

#9 [frontend deps 1/4] FROM docker.io/library/node:22-alpine@sha256:0a7108bf6c7bf5de370ffb1a3ed6be93d405b43ff159f681a8d18c0e2bc2e402
#9 DONE 0.0s

#10 [frontend internal] load build context
#10 transferring context: 149.72kB done
#10 DONE 0.0s

#11 [frontend deps 3/4] COPY package*.json ./
#11 CACHED

#12 [frontend deps 4/4] RUN npm ci --no-audit --no-fund
#12 CACHED

#13 [frontend deps 2/4] WORKDIR /app
#13 CACHED

#14 [frontend builder 3/5] COPY --from=deps /app/node_modules ./node_modules
#14 CACHED

#15 [backend internal] load build context
#15 transferring context: 228.03kB 0.0s done
#15 DONE 0.0s

#16 [backend 3/5] COPY requirements.txt .
#16 CACHED

#17 [backend 2/5] WORKDIR /app
#17 CACHED

#18 [worker 4/5] RUN pip install --no-cache-dir -r requirements.txt && useradd --create-home --uid 10001 bolus && mkdir -p /data/reports && chown bolus:bolus /data/reports
#18 CACHED

#19 [frontend builder 4/5] COPY . .
#19 DONE 0.0s

#20 [worker 5/5] COPY --chown=bolus:bolus . .
#20 DONE 0.0s

#21 [worker] exporting to image
#21 exporting layers done
#21 writing image sha256:52007de7c79e897e2889ad51df8b36690b76d9135c72cb5104e6c39fa17d386b done
#21 naming to docker.io/library/bolus-assistant-worker done
#21 DONE 0.0s

#22 [backend] exporting to image
#22 exporting layers 0.0s done
#22 writing image sha256:20a0eb6dc5de80f52b7ae9380454e4eb2202e617602fd8af6b5978031c10d0fb done
#22 naming to docker.io/library/bolus-assistant-backend done
#22 DONE 0.0s

#23 [backend] resolving provenance for metadata file
#23 DONE 0.0s

#24 [worker] resolving provenance for metadata file
#24 DONE 0.0s

#25 [frontend builder 5/5] RUN npm run build
#25 0.235 
#25 0.235 > bolus-assistant@1.0.0 build
#25 0.235 > next build
#25 0.235 
#25 0.413 ▲ Next.js 16.3.8 (Turbopack)
#25 0.438 ✓ Running next.config.ts took 25ms
#25 0.445 
#25 0.458   Creating an optimized production build ...
#25 3.042 ✓ Compiled successfully in 2.5s
#25 3.048   Running TypeScript ...
#25 5.197   Finished TypeScript in 2.2s ...
#25 5.199   Collecting page data using 4 workers ...
#25 5.385   Generating static pages using 4 workers (0/3) ...
#25 5.626 ✓ Generating static pages using 4 workers (3/3) in 241ms
#25 5.628   Finalizing page optimization ...
#25 5.708 
#25 5.709 Route (app)
#25 5.709 ┌ ○ /
#25 5.709 └ ○ /_not-found
#25 5.709 
#25 5.709 
#25 5.709 ○  (Static)  prerendered as static content
#25 5.709 
#25 5.727 npm notice
#25 5.727 npm notice New major version of npm available! 10.9.9 -> 12.2.0
#25 5.727 npm notice Changelog: https://github.com/npm/cli/releases/tag/v12.2.0
#25 5.727 npm notice To update run: npm install -g npm@12.2.0
#25 5.727 npm notice
#25 DONE 5.8s

#26 [frontend runner 3/6] RUN addgroup --system --gid 1001 nodejs && adduser --system --uid 1001 nextjs
#26 CACHED

#27 [frontend runner 4/6] COPY --from=builder --chown=nextjs:nodejs /app/.next/standalone ./
#27 DONE 0.1s

#28 [frontend runner 5/6] COPY --from=builder --chown=nextjs:nodejs /app/.next/static ./.next/static
#28 DONE 0.0s

#29 [frontend runner 6/6] COPY --from=builder --chown=nextjs:nodejs /app/public ./public
#29 DONE 0.0s

#30 [frontend] exporting to image
#30 exporting layers 0.1s done
#30 writing image sha256:23e50e13d6edf269fa0a3d43199cabc47200d978248a5eb5750a631aaa76c4ae
#30 writing image sha256:23e50e13d6edf269fa0a3d43199cabc47200d978248a5eb5750a631aaa76c4ae done
#30 naming to docker.io/library/bolus-assistant-frontend done
#30 DONE 0.1s

#31 [frontend] resolving provenance for metadata file
#31 DONE 0.0s
 bolus-assistant-frontend  Built
 bolus-assistant-backend  Built
 bolus-assistant-worker  Built
